Archive member included to satisfy reference by file (symbol)

c:/st/stm32cubeide_1.5.1/stm32cubeide/plugins/com.st.stm32cube.ide.mcu.externaltools.gnu-tools-for-stm32.7-2018-q2-update.win32_1.5.0.202011040924/tools/bin/../lib/gcc/arm-none-eabi/7.3.1/../../../../arm-none-eabi/lib/thumb/v7-m\libc_nano.a(lib_a-errno.o)
                              Core/Src/syscalls.o (__errno)
c:/st/stm32cubeide_1.5.1/stm32cubeide/plugins/com.st.stm32cube.ide.mcu.externaltools.gnu-tools-for-stm32.7-2018-q2-update.win32_1.5.0.202011040924/tools/bin/../lib/gcc/arm-none-eabi/7.3.1/../../../../arm-none-eabi/lib/thumb/v7-m\libc_nano.a(lib_a-exit.o)
                              c:/st/stm32cubeide_1.5.1/stm32cubeide/plugins/com.st.stm32cube.ide.mcu.externaltools.gnu-tools-for-stm32.7-2018-q2-update.win32_1.5.0.202011040924/tools/bin/../lib/gcc/arm-none-eabi/7.3.1/../../../../arm-none-eabi/lib/thumb/v7-m/crt0.o (exit)
c:/st/stm32cubeide_1.5.1/stm32cubeide/plugins/com.st.stm32cube.ide.mcu.externaltools.gnu-tools-for-stm32.7-2018-q2-update.win32_1.5.0.202011040924/tools/bin/../lib/gcc/arm-none-eabi/7.3.1/../../../../arm-none-eabi/lib/thumb/v7-m\libc_nano.a(lib_a-impure.o)
                              c:/st/stm32cubeide_1.5.1/stm32cubeide/plugins/com.st.stm32cube.ide.mcu.externaltools.gnu-tools-for-stm32.7-2018-q2-update.win32_1.5.0.202011040924/tools/bin/../lib/gcc/arm-none-eabi/7.3.1/../../../../arm-none-eabi/lib/thumb/v7-m\libc_nano.a(lib_a-exit.o) (_global_impure_ptr)
c:/st/stm32cubeide_1.5.1/stm32cubeide/plugins/com.st.stm32cube.ide.mcu.externaltools.gnu-tools-for-stm32.7-2018-q2-update.win32_1.5.0.202011040924/tools/bin/../lib/gcc/arm-none-eabi/7.3.1/../../../../arm-none-eabi/lib/thumb/v7-m\libc_nano.a(lib_a-init.o)
                              c:/st/stm32cubeide_1.5.1/stm32cubeide/plugins/com.st.stm32cube.ide.mcu.externaltools.gnu-tools-for-stm32.7-2018-q2-update.win32_1.5.0.202011040924/tools/bin/../lib/gcc/arm-none-eabi/7.3.1/../../../../arm-none-eabi/lib/thumb/v7-m/crt0.o (__libc_init_array)
c:/st/stm32cubeide_1.5.1/stm32cubeide/plugins/com.st.stm32cube.ide.mcu.externaltools.gnu-tools-for-stm32.7-2018-q2-update.win32_1.5.0.202011040924/tools/bin/../lib/gcc/arm-none-eabi/7.3.1/../../../../arm-none-eabi/lib/thumb/v7-m\libc_nano.a(lib_a-memset.o)
                              c:/st/stm32cubeide_1.5.1/stm32cubeide/plugins/com.st.stm32cube.ide.mcu.externaltools.gnu-tools-for-stm32.7-2018-q2-update.win32_1.5.0.202011040924/tools/bin/../lib/gcc/arm-none-eabi/7.3.1/../../../../arm-none-eabi/lib/thumb/v7-m/crt0.o (memset)

Allocating common symbols
Common symbol       size              file

hUsbDeviceFS        0x2c4             USB_DEVICE/App/usb_device.o
uwTick              0x4               Drivers/STM32F1xx_HAL_Driver/Src/stm32f1xx_hal.o
pFlash              0x20              Drivers/STM32F1xx_HAL_Driver/Src/stm32f1xx_hal_flash.o
ep                  0x4               Core/Src/main.o
e                   0x8               Core/Src/main.o
hpcd_USB_FS         0x2ec             USB_DEVICE/Target/usbd_conf.o
USBD_StrDesc        0x200             USB_DEVICE/App/usbd_desc.o

Discarded input sections

 .text          0x0000000000000000        0x0 c:/st/stm32cubeide_1.5.1/stm32cubeide/plugins/com.st.stm32cube.ide.mcu.externaltools.gnu-tools-for-stm32.7-2018-q2-update.win32_1.5.0.202011040924/tools/bin/../lib/gcc/arm-none-eabi/7.3.1/thumb/v7-m/crti.o
 .data          0x0000000000000000        0x0 c:/st/stm32cubeide_1.5.1/stm32cubeide/plugins/com.st.stm32cube.ide.mcu.externaltools.gnu-tools-for-stm32.7-2018-q2-update.win32_1.5.0.202011040924/tools/bin/../lib/gcc/arm-none-eabi/7.3.1/thumb/v7-m/crti.o
 .bss           0x0000000000000000        0x0 c:/st/stm32cubeide_1.5.1/stm32cubeide/plugins/com.st.stm32cube.ide.mcu.externaltools.gnu-tools-for-stm32.7-2018-q2-update.win32_1.5.0.202011040924/tools/bin/../lib/gcc/arm-none-eabi/7.3.1/thumb/v7-m/crti.o
 .data          0x0000000000000000        0x4 c:/st/stm32cubeide_1.5.1/stm32cubeide/plugins/com.st.stm32cube.ide.mcu.externaltools.gnu-tools-for-stm32.7-2018-q2-update.win32_1.5.0.202011040924/tools/bin/../lib/gcc/arm-none-eabi/7.3.1/thumb/v7-m/crtbegin.o
 .text          0x0000000000000000       0x74 c:/st/stm32cubeide_1.5.1/stm32cubeide/plugins/com.st.stm32cube.ide.mcu.externaltools.gnu-tools-for-stm32.7-2018-q2-update.win32_1.5.0.202011040924/tools/bin/../lib/gcc/arm-none-eabi/7.3.1/../../../../arm-none-eabi/lib/thumb/v7-m/crt0.o
 .data          0x0000000000000000        0x0 c:/st/stm32cubeide_1.5.1/stm32cubeide/plugins/com.st.stm32cube.ide.mcu.externaltools.gnu-tools-for-stm32.7-2018-q2-update.win32_1.5.0.202011040924/tools/bin/../lib/gcc/arm-none-eabi/7.3.1/../../../../arm-none-eabi/lib/thumb/v7-m/crt0.o
 .bss           0x0000000000000000        0x0 c:/st/stm32cubeide_1.5.1/stm32cubeide/plugins/com.st.stm32cube.ide.mcu.externaltools.gnu-tools-for-stm32.7-2018-q2-update.win32_1.5.0.202011040924/tools/bin/../lib/gcc/arm-none-eabi/7.3.1/../../../../arm-none-eabi/lib/thumb/v7-m/crt0.o
[...]
Memory Configuration

Name             Origin             Length             Attributes
RAM              0x0000000020000000 0x0000000000005000 xrw
FLASH            0x0000000008000000 0x0000000000010000 xr
*default*        0x0000000000000000 0xffffffffffffffff

Linker script and memory map

LOAD c:/st/stm32cubeide_1.5.1/stm32cubeide/plugins/com.st.stm32cube.ide.mcu.externaltools.gnu-tools-for-stm32.7-2018-q2-update.win32_1.5.0.202011040924/tools/bin/../lib/gcc/arm-none-eabi/7.3.1/thumb/v7-m/crti.o
LOAD c:/st/stm32cubeide_1.5.1/stm32cubeide/plugins/com.st.stm32cube.ide.mcu.externaltools.gnu-tools-for-stm32.7-2018-q2-update.win32_1.5.0.202011040924/tools/bin/../lib/gcc/arm-none-eabi/7.3.1/thumb/v7-m/crtbegin.o
LOAD c:/st/stm32cubeide_1.5.1/stm32cubeide/plugins/com.st.stm32cube.ide.mcu.externaltools.gnu-tools-for-stm32.7-2018-q2-update.win32_1.5.0.202011040924/tools/bin/../lib/gcc/arm-none-eabi/7.3.1/../../../../arm-none-eabi/lib/thumb/v7-m/crt0.o
LOAD Core/Src/main.o
LOAD Core/Src/stm32f1xx_hal_msp.o
LOAD Core/Src/stm32f1xx_it.o
LOAD Core/Src/syscalls.o
LOAD Core/Src/sysmem.o
LOAD Core/Src/system_stm32f1xx.o
LOAD Core/Startup/startup_stm32f103c8tx.o
LOAD Drivers/STM32F1xx_HAL_Driver/Src/stm32f1xx_hal.o
LOAD Drivers/STM32F1xx_HAL_Driver/Src/stm32f1xx_hal_cortex.o
LOAD Drivers/STM32F1xx_HAL_Driver/Src/stm32f1xx_hal_dma.o
LOAD Drivers/STM32F1xx_HAL_Driver/Src/stm32f1xx_hal_exti.o
LOAD Drivers/STM32F1xx_HAL_Driver/Src/stm32f1xx_hal_flash.o
LOAD Drivers/STM32F1xx_HAL_Driver/Src/stm32f1xx_hal_flash_ex.o
LOAD Drivers/STM32F1xx_HAL_Driver/Src/stm32f1xx_hal_gpio.o
LOAD Drivers/STM32F1xx_HAL_Driver/Src/stm32f1xx_hal_gpio_ex.o
LOAD Drivers/STM32F1xx_HAL_Driver/Src/stm32f1xx_hal_pcd.o
LOAD Drivers/STM32F1xx_HAL_Driver/Src/stm32f1xx_hal_pcd_ex.o
LOAD Drivers/STM32F1xx_HAL_Driver/Src/stm32f1xx_hal_pwr.o
LOAD Drivers/STM32F1xx_HAL_Driver/Src/stm32f1xx_hal_rcc.o
LOAD Drivers/STM32F1xx_HAL_Driver/Src/stm32f1xx_hal_rcc_ex.o
LOAD Drivers/STM32F1xx_HAL_Driver/Src/stm32f1xx_hal_tim.o
LOAD Drivers/STM32F1xx_HAL_Driver/Src/stm32f1xx_hal_tim_ex.o
LOAD Drivers/STM32F1xx_HAL_Driver/Src/stm32f1xx_ll_usb.o
LOAD Middlewares/ST/STM32_USB_Device_Library/Class/HID/Src/usbd_hid.o
LOAD Middlewares/ST/STM32_USB_Device_Library/Core/Src/usbd_core.o
LOAD Middlewares/ST/STM32_USB_Device_Library/Core/Src/usbd_ctlreq.o
LOAD Middlewares/ST/STM32_USB_Device_Library/Core/Src/usbd_ioreq.o
LOAD USB_DEVICE/App/usb_device.o
LOAD USB_DEVICE/App/usbd_desc.o
LOAD USB_DEVICE/Target/usbd_conf.o
START GROUP
LOAD c:/st/stm32cubeide_1.5.1/stm32cubeide/plugins/com.st.stm32cube.ide.mcu.externaltools.gnu-tools-for-stm32.7-2018-q2-update.win32_1.5.0.202011040924/tools/bin/../lib/gcc/arm-none-eabi/7.3.1/../../../../arm-none-eabi/lib/thumb/v7-m\libc_nano.a
LOAD c:/st/stm32cubeide_1.5.1/stm32cubeide/plugins/com.st.stm32cube.ide.mcu.externaltools.gnu-tools-for-stm32.7-2018-q2-update.win32_1.5.0.202011040924/tools/bin/../lib/gcc/arm-none-eabi/7.3.1/../../../../arm-none-eabi/lib/thumb/v7-m\libm.a
END GROUP
START GROUP
LOAD c:/st/stm32cubeide_1.5.1/stm32cubeide/plugins/com.st.stm32cube.ide.mcu.externaltools.gnu-tools-for-stm32.7-2018-q2-update.win32_1.5.0.202011040924/tools/bin/../lib/gcc/arm-none-eabi/7.3.1/thumb/v7-m\libgcc.a
LOAD c:/st/stm32cubeide_1.5.1/stm32cubeide/plugins/com.st.stm32cube.ide.mcu.externaltools.gnu-tools-for-stm32.7-2018-q2-update.win32_1.5.0.202011040924/tools/bin/../lib/gcc/arm-none-eabi/7.3.1/../../../../arm-none-eabi/lib/thumb/v7-m\libc_nano.a
END GROUP
START GROUP
LOAD c:/st/stm32cubeide_1.5.1/stm32cubeide/plugins/com.st.stm32cube.ide.mcu.externaltools.gnu-tools-for-stm32.7-2018-q2-update.win32_1.5.0.202011040924/tools/bin/../lib/gcc/arm-none-eabi/7.3.1/thumb/v7-m\libgcc.a
LOAD c:/st/stm32cubeide_1.5.1/stm32cubeide/plugins/com.st.stm32cube.ide.mcu.externaltools.gnu-tools-for-stm32.7-2018-q2-update.win32_1.5.0.202011040924/tools/bin/../lib/gcc/arm-none-eabi/7.3.1/../../../../arm-none-eabi/lib/thumb/v7-m\libc_nano.a
LOAD c:/st/stm32cubeide_1.5.1/stm32cubeide/plugins/com.st.stm32cube.ide.mcu.externaltools.gnu-tools-for-stm32.7-2018-q2-update.win32_1.5.0.202011040924/tools/bin/../lib/gcc/arm-none-eabi/7.3.1/../../../../arm-none-eabi/lib/thumb/v7-m\libnosys.a
END GROUP
START GROUP
LOAD c:/st/stm32cubeide_1.5.1/stm32cubeide/plugins/com.st.stm32cube.ide.mcu.externaltools.gnu-tools-for-stm32.7-2018-q2-update.win32_1.5.0.202011040924/tools/bin/../lib/gcc/arm-none-eabi/7.3.1/thumb/v7-m\libgcc.a
LOAD c:/st/stm32cubeide_1.5.1/stm32cubeide/plugins/com.st.stm32cube.ide.mcu.externaltools.gnu-tools-for-stm32.7-2018-q2-update.win32_1.5.0.202011040924/tools/bin/../lib/gcc/arm-none-eabi/7.3.1/../../../../arm-none-eabi/lib/thumb/v7-m\libc_nano.a
LOAD c:/st/stm32cubeide_1.5.1/stm32cubeide/plugins/com.st.stm32cube.ide.mcu.externaltools.gnu-tools-for-stm32.7-2018-q2-update.win32_1.5.0.202011040924/tools/bin/../lib/gcc/arm-none-eabi/7.3.1/../../../../arm-none-eabi/lib/thumb/v7-m\libnosys.a
END GROUP
LOAD c:/st/stm32cubeide_1.5.1/stm32cubeide/plugins/com.st.stm32cube.ide.mcu.externaltools.gnu-tools-for-stm32.7-2018-q2-update.win32_1.5.0.202011040924/tools/bin/../lib/gcc/arm-none-eabi/7.3.1/thumb/v7-m/crtend.o
LOAD c:/st/stm32cubeide_1.5.1/stm32cubeide/plugins/com.st.stm32cube.ide.mcu.externaltools.gnu-tools-for-stm32.7-2018-q2-update.win32_1.5.0.202011040924/tools/bin/../lib/gcc/arm-none-eabi/7.3.1/thumb/v7-m/crtn.o
                0x0000000020005000                _estack = (ORIGIN (RAM) + LENGTH (RAM))
                0x0000000000000200                _Min_Heap_Size = 0x200
                0x0000000000000400                _Min_Stack_Size = 0x400

.isr_vector     0x0000000008000000      0x10c
                0x0000000008000000                . = ALIGN (0x4)
 *(.isr_vector)
 .isr_vector    0x0000000008000000      0x10c Core/Startup/startup_stm32f103c8tx.o
                0x0000000008000000                g_pfnVectors
                0x000000000800010c                . = ALIGN (0x4)

.text           0x000000000800010c     0x73d0
                0x000000000800010c                . = ALIGN (0x4)
 *(.text)
 .text          0x000000000800010c       0x40 c:/st/stm32cubeide_1.5.1/stm32cubeide/plugins/com.st.stm32cube.ide.mcu.externaltools.gnu-tools-for-stm32.7-2018-q2-update.win32_1.5.0.202011040924/tools/bin/../lib/gcc/arm-none-eabi/7.3.1/thumb/v7-m/crtbegin.o
 *(.text*)
 .text.main     0x000000000800014c      0x2b8 Core/Src/main.o
                0x000000000800014c                main
 .text.SystemClock_Config
                0x0000000008000404       0xb4 Core/Src/main.o
                0x0000000008000404                SystemClock_Config
 .text.MX_GPIO_Init
                0x00000000080004b8       0xd8 Core/Src/main.o
 .text.read_keypad
                0x0000000008000590      0x2d0 Core/Src/main.o
                0x0000000008000590                read_keypad
 .text.send_char_HID
                0x0000000008000860       0x48 Core/Src/main.o
                0x0000000008000860                send_char_HID
 .text.release_key_HID
                0x00000000080008a8       0x44 Core/Src/main.o
                0x00000000080008a8                release_key_HID
 .text.test_routine_one
                0x00000000080008ec       0x78 Core/Src/main.o
                0x00000000080008ec                test_routine_one
 .text.Error_Handler
                0x0000000008000964        0xc Core/Src/main.o
                0x0000000008000964                Error_Handler
 .text.HAL_MspInit
                0x0000000008000970       0x64 Core/Src/stm32f1xx_hal_msp.o
                0x0000000008000970                HAL_MspInit
 .text.NMI_Handler
                0x00000000080009d4        0xc Core/Src/stm32f1xx_it.o
                0x00000000080009d4                NMI_Handler
 .text.HardFault_Handler
                0x00000000080009e0        0x6 Core/Src/stm32f1xx_it.o
                0x00000000080009e0                HardFault_Handler
 .text.MemManage_Handler
                0x00000000080009e6        0x6 Core/Src/stm32f1xx_it.o
                0x00000000080009e6                MemManage_Handler
 .text.BusFault_Handler
                0x00000000080009ec        0x6 Core/Src/stm32f1xx_it.o
                0x00000000080009ec                BusFault_Handler
 .text.UsageFault_Handler
                0x00000000080009f2        0x6 Core/Src/stm32f1xx_it.o
                0x00000000080009f2                UsageFault_Handler
 .text.SVC_Handler
                0x00000000080009f8        0xc Core/Src/stm32f1xx_it.o
                0x00000000080009f8                SVC_Handler
 .text.DebugMon_Handler
                0x0000000008000a04        0xc Core/Src/stm32f1xx_it.o
                0x0000000008000a04                DebugMon_Handler
 .text.PendSV_Handler
                0x0000000008000a10        0xc Core/Src/stm32f1xx_it.o
                0x0000000008000a10                PendSV_Handler
 .text.SysTick_Handler
                0x0000000008000a1c        0xc Core/Src/stm32f1xx_it.o
                0x0000000008000a1c                SysTick_Handler
 .text.USB_LP_CAN1_RX0_IRQHandler
                0x0000000008000a28       0x14 Core/Src/stm32f1xx_it.o
                0x0000000008000a28                USB_LP_CAN1_RX0_IRQHandler
 .text.SystemInit
                0x0000000008000a3c        0xc Core/Src/system_stm32f1xx.o
                0x0000000008000a3c                SystemInit
 .text.Reset_Handler
                0x0000000008000a48       0x48 Core/Startup/startup_stm32f103c8tx.o
                0x0000000008000a48                Reset_Handler
 .text.Default_Handler
                0x0000000008000a90        0x2 Core/Startup/startup_stm32f103c8tx.o
                0x0000000008000a90                RTC_Alarm_IRQHandler
                0x0000000008000a90                EXTI2_IRQHandler
                0x0000000008000a90                TIM1_CC_IRQHandler
                0x0000000008000a90                PVD_IRQHandler
                0x0000000008000a90                EXTI3_IRQHandler
                0x0000000008000a90                EXTI0_IRQHandler
                0x0000000008000a90                I2C2_EV_IRQHandler
                0x0000000008000a90                ADC1_2_IRQHandler
                0x0000000008000a90                SPI1_IRQHandler
                0x0000000008000a90                TAMPER_IRQHandler
                0x0000000008000a90                DMA1_Channel4_IRQHandler
                0x0000000008000a90                USART3_IRQHandler
                0x0000000008000a90                RTC_IRQHandler
                0x0000000008000a90                DMA1_Channel7_IRQHandler
                0x0000000008000a90                CAN1_RX1_IRQHandler
                0x0000000008000a90                TIM4_IRQHandler
                0x0000000008000a90                I2C1_EV_IRQHandler
                0x0000000008000a90                DMA1_Channel6_IRQHandler
                0x0000000008000a90                TIM3_IRQHandler
                0x0000000008000a90                RCC_IRQHandler
                0x0000000008000a90                TIM1_TRG_COM_IRQHandler
                0x0000000008000a90                DMA1_Channel1_IRQHandler
                0x0000000008000a90                Default_Handler
                0x0000000008000a90                EXTI15_10_IRQHandler
                0x0000000008000a90                EXTI9_5_IRQHandler
                0x0000000008000a90                SPI2_IRQHandler
                0x0000000008000a90                DMA1_Channel5_IRQHandler
                0x0000000008000a90                EXTI4_IRQHandler
                0x0000000008000a90                USB_HP_CAN1_TX_IRQHandler
                0x0000000008000a90                DMA1_Channel3_IRQHandler
                0x0000000008000a90                TIM1_UP_IRQHandler
                0x0000000008000a90                WWDG_IRQHandler
                0x0000000008000a90                TIM2_IRQHandler
                0x0000000008000a90                TIM1_BRK_IRQHandler
                0x0000000008000a90                EXTI1_IRQHandler
                0x0000000008000a90                USART2_IRQHandler
                0x0000000008000a90                I2C2_ER_IRQHandler
                0x0000000008000a90                DMA1_Channel2_IRQHandler
                0x0000000008000a90                CAN1_SCE_IRQHandler
                0x0000000008000a90                FLASH_IRQHandler
                0x0000000008000a90                USART1_IRQHandler
                0x0000000008000a90                I2C1_ER_IRQHandler
                0x0000000008000a90                USBWakeUp_IRQHandler
 *fill*         0x0000000008000a92        0x2 
 .text.HAL_Init
                0x0000000008000a94       0x2c Drivers/STM32F1xx_HAL_Driver/Src/stm32f1xx_hal.o
                0x0000000008000a94                HAL_Init
 .text.HAL_InitTick
                0x0000000008000ac0       0x60 Drivers/STM32F1xx_HAL_Driver/Src/stm32f1xx_hal.o
                0x0000000008000ac0                HAL_InitTick
 .text.HAL_IncTick
                0x0000000008000b20       0x24 Drivers/STM32F1xx_HAL_Driver/Src/stm32f1xx_hal.o
                0x0000000008000b20                HAL_IncTick
 .text.HAL_GetTick
                0x0000000008000b44       0x14 Drivers/STM32F1xx_HAL_Driver/Src/stm32f1xx_hal.o
                0x0000000008000b44                HAL_GetTick
 .text.HAL_Delay
                0x0000000008000b58       0x44 Drivers/STM32F1xx_HAL_Driver/Src/stm32f1xx_hal.o
                0x0000000008000b58                HAL_Delay
 .text.__NVIC_SetPriorityGrouping
                0x0000000008000b9c       0x48 Drivers/STM32F1xx_HAL_Driver/Src/stm32f1xx_hal_cortex.o
 .text.__NVIC_GetPriorityGrouping
                0x0000000008000be4       0x1c Drivers/STM32F1xx_HAL_Driver/Src/stm32f1xx_hal_cortex.o
 .text.__NVIC_EnableIRQ
                0x0000000008000c00       0x38 Drivers/STM32F1xx_HAL_Driver/Src/stm32f1xx_hal_cortex.o
 .text.__NVIC_SetPriority
                0x0000000008000c38       0x54 Drivers/STM32F1xx_HAL_Driver/Src/stm32f1xx_hal_cortex.o
 .text.NVIC_EncodePriority
                0x0000000008000c8c       0x64 Drivers/STM32F1xx_HAL_Driver/Src/stm32f1xx_hal_cortex.o
 .text.SysTick_Config
                0x0000000008000cf0       0x44 Drivers/STM32F1xx_HAL_Driver/Src/stm32f1xx_hal_cortex.o
 .text.HAL_NVIC_SetPriorityGrouping
                0x0000000008000d34       0x16 Drivers/STM32F1xx_HAL_Driver/Src/stm32f1xx_hal_cortex.o
                0x0000000008000d34                HAL_NVIC_SetPriorityGrouping
 .text.HAL_NVIC_SetPriority
                0x0000000008000d4a       0x38 Drivers/STM32F1xx_HAL_Driver/Src/stm32f1xx_hal_cortex.o
                0x0000000008000d4a                HAL_NVIC_SetPriority
 .text.HAL_NVIC_EnableIRQ
                0x0000000008000d82       0x1c Drivers/STM32F1xx_HAL_Driver/Src/stm32f1xx_hal_cortex.o
                0x0000000008000d82                HAL_NVIC_EnableIRQ
 .text.HAL_SYSTICK_Config
                0x0000000008000d9e       0x18 Drivers/STM32F1xx_HAL_Driver/Src/stm32f1xx_hal_cortex.o
                0x0000000008000d9e                HAL_SYSTICK_Config
 *fill*         0x0000000008000db6        0x2 
 .text.HAL_GPIO_Init
                0x0000000008000db8      0x2b4 Drivers/STM32F1xx_HAL_Driver/Src/stm32f1xx_hal_gpio.o
                0x0000000008000db8                HAL_GPIO_Init
 .text.HAL_GPIO_ReadPin
                0x000000000800106c       0x2e Drivers/STM32F1xx_HAL_Driver/Src/stm32f1xx_hal_gpio.o
                0x000000000800106c                HAL_GPIO_ReadPin
 .text.HAL_GPIO_WritePin
                0x000000000800109a       0x30 Drivers/STM32F1xx_HAL_Driver/Src/stm32f1xx_hal_gpio.o
                0x000000000800109a                HAL_GPIO_WritePin
 .text.HAL_GPIO_TogglePin
                0x00000000080010ca       0x32 Drivers/STM32F1xx_HAL_Driver/Src/stm32f1xx_hal_gpio.o
                0x00000000080010ca                HAL_GPIO_TogglePin
 .text.HAL_PCD_Init
                0x00000000080010fc      0x216 Drivers/STM32F1xx_HAL_Driver/Src/stm32f1xx_hal_pcd.o
                0x00000000080010fc                HAL_PCD_Init
 .text.HAL_PCD_Start
                0x0000000008001312       0x4c Drivers/STM32F1xx_HAL_Driver/Src/stm32f1xx_hal_pcd.o
                0x0000000008001312                HAL_PCD_Start
 .text.HAL_PCD_IRQHandler
                0x000000000800135e      0x2aa Drivers/STM32F1xx_HAL_Driver/Src/stm32f1xx_hal_pcd.o
                0x000000000800135e                HAL_PCD_IRQHandler
 .text.HAL_PCD_SetAddress
                0x0000000008001608       0x4a Drivers/STM32F1xx_HAL_Driver/Src/stm32f1xx_hal_pcd.o
                0x0000000008001608                HAL_PCD_SetAddress
 .text.HAL_PCD_EP_Open
                0x0000000008001652       0xcc Drivers/STM32F1xx_HAL_Driver/Src/stm32f1xx_hal_pcd.o
                0x0000000008001652                HAL_PCD_EP_Open
 .text.HAL_PCD_EP_Close
                0x000000000800171e       0x90 Drivers/STM32F1xx_HAL_Driver/Src/stm32f1xx_hal_pcd.o
                0x000000000800171e                HAL_PCD_EP_Close
 .text.HAL_PCD_EP_Receive
                0x00000000080017ae       0x7a Drivers/STM32F1xx_HAL_Driver/Src/stm32f1xx_hal_pcd.o
                0x00000000080017ae                HAL_PCD_EP_Receive
 .text.HAL_PCD_EP_Transmit
                0x0000000008001828       0x86 Drivers/STM32F1xx_HAL_Driver/Src/stm32f1xx_hal_pcd.o
                0x0000000008001828                HAL_PCD_EP_Transmit
 .text.HAL_PCD_EP_SetStall
                0x00000000080018ae       0xc0 Drivers/STM32F1xx_HAL_Driver/Src/stm32f1xx_hal_pcd.o
                0x00000000080018ae                HAL_PCD_EP_SetStall
 .text.HAL_PCD_EP_ClrStall
                0x000000000800196e       0xa8 Drivers/STM32F1xx_HAL_Driver/Src/stm32f1xx_hal_pcd.o
                0x000000000800196e                HAL_PCD_EP_ClrStall
 .text.PCD_EP_ISR_Handler
                0x0000000008001a16      0x600 Drivers/STM32F1xx_HAL_Driver/Src/stm32f1xx_hal_pcd.o
 .text.HAL_PCD_EP_DB_Receive
                0x0000000008002016      0x21a Drivers/STM32F1xx_HAL_Driver/Src/stm32f1xx_hal_pcd.o
 .text.HAL_PCD_EP_DB_Transmit
                0x0000000008002230      0x79e Drivers/STM32F1xx_HAL_Driver/Src/stm32f1xx_hal_pcd.o
 .text.HAL_PCDEx_PMAConfig
                0x00000000080029ce       0x84 Drivers/STM32F1xx_HAL_Driver/Src/stm32f1xx_hal_pcd_ex.o
                0x00000000080029ce                HAL_PCDEx_PMAConfig
 *fill*         0x0000000008002a52        0x2 
 .text.HAL_RCC_OscConfig
                0x0000000008002a54      0x500 Drivers/STM32F1xx_HAL_Driver/Src/stm32f1xx_hal_rcc.o
                0x0000000008002a54                HAL_RCC_OscConfig
 .text.HAL_RCC_ClockConfig
                0x0000000008002f54      0x1d4 Drivers/STM32F1xx_HAL_Driver/Src/stm32f1xx_hal_rcc.o
                0x0000000008002f54                HAL_RCC_ClockConfig
 .text.HAL_RCC_GetSysClockFreq
                0x0000000008003128       0xc4 Drivers/STM32F1xx_HAL_Driver/Src/stm32f1xx_hal_rcc.o
                0x0000000008003128                HAL_RCC_GetSysClockFreq
 .text.RCC_Delay
                0x00000000080031ec       0x3c Drivers/STM32F1xx_HAL_Driver/Src/stm32f1xx_hal_rcc.o
 .text.HAL_RCCEx_PeriphCLKConfig
                0x0000000008003228      0x16c Drivers/STM32F1xx_HAL_Driver/Src/stm32f1xx_hal_rcc_ex.o
                0x0000000008003228                HAL_RCCEx_PeriphCLKConfig
 .text.USB_CoreInit
                0x0000000008003394       0x20 Drivers/STM32F1xx_HAL_Driver/Src/stm32f1xx_ll_usb.o
                0x0000000008003394                USB_CoreInit
 .text.USB_EnableGlobalInt
                0x00000000080033b4       0x2c Drivers/STM32F1xx_HAL_Driver/Src/stm32f1xx_ll_usb.o
                0x00000000080033b4                USB_EnableGlobalInt
 .text.USB_DisableGlobalInt
                0x00000000080033e0       0x34 Drivers/STM32F1xx_HAL_Driver/Src/stm32f1xx_ll_usb.o
                0x00000000080033e0                USB_DisableGlobalInt
 .text.USB_SetCurrentMode
                0x0000000008003414       0x18 Drivers/STM32F1xx_HAL_Driver/Src/stm32f1xx_ll_usb.o
                0x0000000008003414                USB_SetCurrentMode
 .text.USB_DevInit
                0x000000000800342c       0x40 Drivers/STM32F1xx_HAL_Driver/Src/stm32f1xx_ll_usb.o
                0x000000000800342c                USB_DevInit
 .text.USB_ActivateEndpoint
                0x000000000800346c      0x6d4 Drivers/STM32F1xx_HAL_Driver/Src/stm32f1xx_ll_usb.o
                0x000000000800346c                USB_ActivateEndpoint
 .text.USB_DeactivateEndpoint
                0x0000000008003b40      0x3d8 Drivers/STM32F1xx_HAL_Driver/Src/stm32f1xx_ll_usb.o
                0x0000000008003b40                USB_DeactivateEndpoint
 .text.USB_EPStartXfer
                0x0000000008003f18     0x15ee Drivers/STM32F1xx_HAL_Driver/Src/stm32f1xx_ll_usb.o
                0x0000000008003f18                USB_EPStartXfer
 .text.USB_EPSetStall
                0x0000000008005506       0xa0 Drivers/STM32F1xx_HAL_Driver/Src/stm32f1xx_ll_usb.o
                0x0000000008005506                USB_EPSetStall
 .text.USB_EPClearStall
                0x00000000080055a6      0x15a Drivers/STM32F1xx_HAL_Driver/Src/stm32f1xx_ll_usb.o
                0x00000000080055a6                USB_EPClearStall
 .text.USB_SetDevAddress
                0x0000000008005700       0x26 Drivers/STM32F1xx_HAL_Driver/Src/stm32f1xx_ll_usb.o
                0x0000000008005700                USB_SetDevAddress
 .text.USB_DevConnect
                0x0000000008005726       0x14 Drivers/STM32F1xx_HAL_Driver/Src/stm32f1xx_ll_usb.o
                0x0000000008005726                USB_DevConnect
 .text.USB_DevDisconnect
                0x000000000800573a       0x14 Drivers/STM32F1xx_HAL_Driver/Src/stm32f1xx_ll_usb.o
                0x000000000800573a                USB_DevDisconnect
 .text.USB_ReadInterrupts
                0x000000000800574e       0x1e Drivers/STM32F1xx_HAL_Driver/Src/stm32f1xx_ll_usb.o
                0x000000000800574e                USB_ReadInterrupts
 .text.USB_EP0_OutStart
                0x000000000800576c       0x16 Drivers/STM32F1xx_HAL_Driver/Src/stm32f1xx_ll_usb.o
                0x000000000800576c                USB_EP0_OutStart
 .text.USB_WritePMA
                0x0000000008005782       0x88 Drivers/STM32F1xx_HAL_Driver/Src/stm32f1xx_ll_usb.o
                0x0000000008005782                USB_WritePMA
 .text.USB_ReadPMA
                0x000000000800580a       0x9e Drivers/STM32F1xx_HAL_Driver/Src/stm32f1xx_ll_usb.o
                0x000000000800580a                USB_ReadPMA
 .text.USBD_HID_Init
                0x00000000080058a8       0x4e Middlewares/ST/STM32_USB_Device_Library/Class/HID/Src/usbd_hid.o
 .text.USBD_HID_DeInit
                0x00000000080058f6       0x42 Middlewares/ST/STM32_USB_Device_Library/Class/HID/Src/usbd_hid.o
 .text.USBD_HID_Setup
                0x0000000008005938      0x1fc Middlewares/ST/STM32_USB_Device_Library/Class/HID/Src/usbd_hid.o
 .text.USBD_HID_SendReport
                0x0000000008005b34       0x44 Middlewares/ST/STM32_USB_Device_Library/Class/HID/Src/usbd_hid.o
                0x0000000008005b34                USBD_HID_SendReport
 .text.USBD_HID_GetFSCfgDesc
                0x0000000008005b78       0x20 Middlewares/ST/STM32_USB_Device_Library/Class/HID/Src/usbd_hid.o
 .text.USBD_HID_GetHSCfgDesc
                0x0000000008005b98       0x20 Middlewares/ST/STM32_USB_Device_Library/Class/HID/Src/usbd_hid.o
 .text.USBD_HID_GetOtherSpeedCfgDesc
                0x0000000008005bb8       0x20 Middlewares/ST/STM32_USB_Device_Library/Class/HID/Src/usbd_hid.o
 .text.USBD_HID_DataIn
                0x0000000008005bd8       0x22 Middlewares/ST/STM32_USB_Device_Library/Class/HID/Src/usbd_hid.o
 *fill*         0x0000000008005bfa        0x2 
 .text.USBD_HID_GetDeviceQualifierDesc
                0x0000000008005bfc       0x20 Middlewares/ST/STM32_USB_Device_Library/Class/HID/Src/usbd_hid.o
 .text.USBD_Init
                0x0000000008005c1c       0x56 Middlewares/ST/STM32_USB_Device_Library/Core/Src/usbd_core.o
                0x0000000008005c1c                USBD_Init
 .text.USBD_RegisterClass
                0x0000000008005c72       0x32 Middlewares/ST/STM32_USB_Device_Library/Core/Src/usbd_core.o
                0x0000000008005c72                USBD_RegisterClass
 .text.USBD_Start
                0x0000000008005ca4       0x18 Middlewares/ST/STM32_USB_Device_Library/Core/Src/usbd_core.o
                0x0000000008005ca4                USBD_Start
 .text.USBD_RunTestMode
                0x0000000008005cbc       0x14 Middlewares/ST/STM32_USB_Device_Library/Core/Src/usbd_core.o
                0x0000000008005cbc                USBD_RunTestMode
 .text.USBD_SetClassConfig
                0x0000000008005cd0       0x3e Middlewares/ST/STM32_USB_Device_Library/Core/Src/usbd_core.o
                0x0000000008005cd0                USBD_SetClassConfig
 .text.USBD_ClrClassConfig
                0x0000000008005d0e       0x26 Middlewares/ST/STM32_USB_Device_Library/Core/Src/usbd_core.o
                0x0000000008005d0e                USBD_ClrClassConfig
 .text.USBD_LL_SetupStage
                0x0000000008005d34       0x96 Middlewares/ST/STM32_USB_Device_Library/Core/Src/usbd_core.o
                0x0000000008005d34                USBD_LL_SetupStage
 .text.USBD_LL_DataOutStage
                0x0000000008005dca       0xe2 Middlewares/ST/STM32_USB_Device_Library/Core/Src/usbd_core.o
                0x0000000008005dca                USBD_LL_DataOutStage
 .text.USBD_LL_DataInStage
                0x0000000008005eac      0x14a Middlewares/ST/STM32_USB_Device_Library/Core/Src/usbd_core.o
                0x0000000008005eac                USBD_LL_DataInStage
 .text.USBD_LL_Reset
                0x0000000008005ff6       0x82 Middlewares/ST/STM32_USB_Device_Library/Core/Src/usbd_core.o
                0x0000000008005ff6                USBD_LL_Reset
 .text.USBD_LL_SetSpeed
                0x0000000008006078       0x1e Middlewares/ST/STM32_USB_Device_Library/Core/Src/usbd_core.o
                0x0000000008006078                USBD_LL_SetSpeed
 .text.USBD_LL_Suspend
                0x0000000008006096       0x28 Middlewares/ST/STM32_USB_Device_Library/Core/Src/usbd_core.o
                0x0000000008006096                USBD_LL_Suspend
 .text.USBD_LL_Resume
                0x00000000080060be       0x2a Middlewares/ST/STM32_USB_Device_Library/Core/Src/usbd_core.o
                0x00000000080060be                USBD_LL_Resume
 .text.USBD_LL_SOF
                0x00000000080060e8       0x34 Middlewares/ST/STM32_USB_Device_Library/Core/Src/usbd_core.o
                0x00000000080060e8                USBD_LL_SOF
 .text.USBD_StdDevReq
                0x000000000800611c       0xd4 Middlewares/ST/STM32_USB_Device_Library/Core/Src/usbd_ctlreq.o
                0x000000000800611c                USBD_StdDevReq
 .text.USBD_StdItfReq
                0x00000000080061f0       0x8c Middlewares/ST/STM32_USB_Device_Library/Core/Src/usbd_ctlreq.o
                0x00000000080061f0                USBD_StdItfReq
 .text.USBD_StdEPReq
                0x000000000800627c      0x2ba Middlewares/ST/STM32_USB_Device_Library/Core/Src/usbd_ctlreq.o
                0x000000000800627c                USBD_StdEPReq
 *fill*         0x0000000008006536        0x2 
 .text.USBD_GetDescriptor
                0x0000000008006538      0x2d0 Middlewares/ST/STM32_USB_Device_Library/Core/Src/usbd_ctlreq.o
 .text.USBD_SetAddress
                0x0000000008006808       0x84 Middlewares/ST/STM32_USB_Device_Library/Core/Src/usbd_ctlreq.o
 .text.USBD_SetConfig
                0x000000000800688c      0x11c Middlewares/ST/STM32_USB_Device_Library/Core/Src/usbd_ctlreq.o
 .text.USBD_GetConfig
                0x00000000080069a8       0x68 Middlewares/ST/STM32_USB_Device_Library/Core/Src/usbd_ctlreq.o
 .text.USBD_GetStatus
                0x0000000008006a10       0x66 Middlewares/ST/STM32_USB_Device_Library/Core/Src/usbd_ctlreq.o
 .text.USBD_SetFeature
                0x0000000008006a76       0x28 Middlewares/ST/STM32_USB_Device_Library/Core/Src/usbd_ctlreq.o
 .text.USBD_ClrFeature
                0x0000000008006a9e       0x42 Middlewares/ST/STM32_USB_Device_Library/Core/Src/usbd_ctlreq.o
 .text.USBD_ParseSetupRequest
                0x0000000008006ae0       0x78 Middlewares/ST/STM32_USB_Device_Library/Core/Src/usbd_ctlreq.o
                0x0000000008006ae0                USBD_ParseSetupRequest
 .text.USBD_CtlError
                0x0000000008006b58       0x22 Middlewares/ST/STM32_USB_Device_Library/Core/Src/usbd_ctlreq.o
                0x0000000008006b58                USBD_CtlError
 .text.USBD_GetString
                0x0000000008006b7a       0x84 Middlewares/ST/STM32_USB_Device_Library/Core/Src/usbd_ctlreq.o
                0x0000000008006b7a                USBD_GetString
 .text.USBD_GetLen
                0x0000000008006bfe       0x2e Middlewares/ST/STM32_USB_Device_Library/Core/Src/usbd_ctlreq.o
 .text.USBD_CtlSendData
                0x0000000008006c2c       0x38 Middlewares/ST/STM32_USB_Device_Library/Core/Src/usbd_ioreq.o
                0x0000000008006c2c                USBD_CtlSendData
 .text.USBD_CtlContinueSendData
                0x0000000008006c64       0x24 Middlewares/ST/STM32_USB_Device_Library/Core/Src/usbd_ioreq.o
                0x0000000008006c64                USBD_CtlContinueSendData
 .text.USBD_CtlContinueRx
                0x0000000008006c88       0x24 Middlewares/ST/STM32_USB_Device_Library/Core/Src/usbd_ioreq.o
                0x0000000008006c88                USBD_CtlContinueRx
 .text.USBD_CtlSendStatus
                0x0000000008006cac       0x26 Middlewares/ST/STM32_USB_Device_Library/Core/Src/usbd_ioreq.o
                0x0000000008006cac                USBD_CtlSendStatus
 .text.USBD_CtlReceiveStatus
                0x0000000008006cd2       0x26 Middlewares/ST/STM32_USB_Device_Library/Core/Src/usbd_ioreq.o
                0x0000000008006cd2                USBD_CtlReceiveStatus
 .text.MX_USB_DEVICE_Init
                0x0000000008006cf8       0x4c USB_DEVICE/App/usb_device.o
                0x0000000008006cf8                MX_USB_DEVICE_Init
 .text.USBD_FS_DeviceDescriptor
                0x0000000008006d44       0x24 USB_DEVICE/App/usbd_desc.o
                0x0000000008006d44                USBD_FS_DeviceDescriptor
 .text.USBD_FS_LangIDStrDescriptor
                0x0000000008006d68       0x24 USB_DEVICE/App/usbd_desc.o
                0x0000000008006d68                USBD_FS_LangIDStrDescriptor
 .text.USBD_FS_ProductStrDescriptor
                0x0000000008006d8c       0x3c USB_DEVICE/App/usbd_desc.o
                0x0000000008006d8c                USBD_FS_ProductStrDescriptor
 .text.USBD_FS_ManufacturerStrDescriptor
                0x0000000008006dc8       0x28 USB_DEVICE/App/usbd_desc.o
                0x0000000008006dc8                USBD_FS_ManufacturerStrDescriptor
 .text.USBD_FS_SerialStrDescriptor
                0x0000000008006df0       0x24 USB_DEVICE/App/usbd_desc.o
                0x0000000008006df0                USBD_FS_SerialStrDescriptor
 .text.USBD_FS_ConfigStrDescriptor
                0x0000000008006e14       0x3c USB_DEVICE/App/usbd_desc.o
                0x0000000008006e14                USBD_FS_ConfigStrDescriptor
 .text.USBD_FS_InterfaceStrDescriptor
                0x0000000008006e50       0x3c USB_DEVICE/App/usbd_desc.o
                0x0000000008006e50                USBD_FS_InterfaceStrDescriptor
 .text.Get_SerialNum
                0x0000000008006e8c       0x58 USB_DEVICE/App/usbd_desc.o
 .text.IntToUnicode
                0x0000000008006ee4       0x7a USB_DEVICE/App/usbd_desc.o
 *fill*         0x0000000008006f5e        0x2 
 .text.HAL_PCD_MspInit
                0x0000000008006f60       0x4c USB_DEVICE/Target/usbd_conf.o
                0x0000000008006f60                HAL_PCD_MspInit
 .text.HAL_PCD_SetupStageCallback
                0x0000000008006fac       0x24 USB_DEVICE/Target/usbd_conf.o
                0x0000000008006fac                HAL_PCD_SetupStageCallback
 .text.HAL_PCD_DataOutStageCallback
                0x0000000008006fd0       0x36 USB_DEVICE/Target/usbd_conf.o
                0x0000000008006fd0                HAL_PCD_DataOutStageCallback
 .text.HAL_PCD_DataInStageCallback
                0x0000000008007006       0x34 USB_DEVICE/Target/usbd_conf.o
                0x0000000008007006                HAL_PCD_DataInStageCallback
 .text.HAL_PCD_SOFCallback
                0x000000000800703a       0x1c USB_DEVICE/Target/usbd_conf.o
                0x000000000800703a                HAL_PCD_SOFCallback
 .text.HAL_PCD_ResetCallback
                0x0000000008007056       0x3c USB_DEVICE/Target/usbd_conf.o
                0x0000000008007056                HAL_PCD_ResetCallback
 *fill*         0x0000000008007092        0x2 
 .text.HAL_PCD_SuspendCallback
                0x0000000008007094       0x34 USB_DEVICE/Target/usbd_conf.o
                0x0000000008007094                HAL_PCD_SuspendCallback
 .text.HAL_PCD_ResumeCallback
                0x00000000080070c8       0x1c USB_DEVICE/Target/usbd_conf.o
                0x00000000080070c8                HAL_PCD_ResumeCallback
 .text.USBD_LL_Init
                0x00000000080070e4       0x90 USB_DEVICE/Target/usbd_conf.o
                0x00000000080070e4                USBD_LL_Init
 .text.USBD_LL_Start
                0x0000000008007174       0x36 USB_DEVICE/Target/usbd_conf.o
                0x0000000008007174                USBD_LL_Start
 .text.USBD_LL_OpenEP
                0x00000000080071aa       0x4c USB_DEVICE/Target/usbd_conf.o
                0x00000000080071aa                USBD_LL_OpenEP
 .text.USBD_LL_CloseEP
                0x00000000080071f6       0x3e USB_DEVICE/Target/usbd_conf.o
                0x00000000080071f6                USBD_LL_CloseEP
 .text.USBD_LL_StallEP
                0x0000000008007234       0x3e USB_DEVICE/Target/usbd_conf.o
                0x0000000008007234                USBD_LL_StallEP
 .text.USBD_LL_ClearStallEP
                0x0000000008007272       0x3e USB_DEVICE/Target/usbd_conf.o
                0x0000000008007272                USBD_LL_ClearStallEP
 .text.USBD_LL_IsStallEP
                0x00000000080072b0       0x58 USB_DEVICE/Target/usbd_conf.o
                0x00000000080072b0                USBD_LL_IsStallEP
 .text.USBD_LL_SetUSBAddress
                0x0000000008007308       0x3e USB_DEVICE/Target/usbd_conf.o
                0x0000000008007308                USBD_LL_SetUSBAddress
 .text.USBD_LL_Transmit
                0x0000000008007346       0x46 USB_DEVICE/Target/usbd_conf.o
                0x0000000008007346                USBD_LL_Transmit
 .text.USBD_LL_PrepareReceive
                0x000000000800738c       0x46 USB_DEVICE/Target/usbd_conf.o
                0x000000000800738c                USBD_LL_PrepareReceive
 *fill*         0x00000000080073d2        0x2 
 .text.USBD_static_malloc
                0x00000000080073d4       0x18 USB_DEVICE/Target/usbd_conf.o
                0x00000000080073d4                USBD_static_malloc
 .text.USBD_static_free
                0x00000000080073ec       0x12 USB_DEVICE/Target/usbd_conf.o
                0x00000000080073ec                USBD_static_free
 .text.HAL_PCDEx_SetConnectionState
                0x00000000080073fe       0x16 USB_DEVICE/Target/usbd_conf.o
                0x00000000080073fe                HAL_PCDEx_SetConnectionState
 .text.USBD_Get_USB_Status
                0x0000000008007414       0x58 USB_DEVICE/Target/usbd_conf.o
 .text.__libc_init_array
                0x000000000800746c       0x48 c:/st/stm32cubeide_1.5.1/stm32cubeide/plugins/com.st.stm32cube.ide.mcu.externaltools.gnu-tools-for-stm32.7-2018-q2-update.win32_1.5.0.202011040924/tools/bin/../lib/gcc/arm-none-eabi/7.3.1/../../../../arm-none-eabi/lib/thumb/v7-m\libc_nano.a(lib_a-init.o)
                0x000000000800746c                __libc_init_array
 .text.memset   0x00000000080074b4       0x10 c:/st/stm32cubeide_1.5.1/stm32cubeide/plugins/com.st.stm32cube.ide.mcu.externaltools.gnu-tools-for-stm32.7-2018-q2-update.win32_1.5.0.202011040924/tools/bin/../lib/gcc/arm-none-eabi/7.3.1/../../../../arm-none-eabi/lib/thumb/v7-m\libc_nano.a(lib_a-memset.o)
                0x00000000080074b4                memset
 *(.glue_7)
 .glue_7        0x00000000080074c4        0x0 linker stubs
 *(.glue_7t)
 .glue_7t       0x00000000080074c4        0x0 linker stubs
 *(.eh_frame)
 .eh_frame      0x00000000080074c4        0x0 c:/st/stm32cubeide_1.5.1/stm32cubeide/plugins/com.st.stm32cube.ide.mcu.externaltools.gnu-tools-for-stm32.7-2018-q2-update.win32_1.5.0.202011040924/tools/bin/../lib/gcc/arm-none-eabi/7.3.1/thumb/v7-m/crtbegin.o
 *(.init)
 .init          0x00000000080074c4        0x4 c:/st/stm32cubeide_1.5.1/stm32cubeide/plugins/com.st.stm32cube.ide.mcu.externaltools.gnu-tools-for-stm32.7-2018-q2-update.win32_1.5.0.202011040924/tools/bin/../lib/gcc/arm-none-eabi/7.3.1/thumb/v7-m/crti.o
                0x00000000080074c4                _init
 .init          0x00000000080074c8        0x8 c:/st/stm32cubeide_1.5.1/stm32cubeide/plugins/com.st.stm32cube.ide.mcu.externaltools.gnu-tools-for-stm32.7-2018-q2-update.win32_1.5.0.202011040924/tools/bin/../lib/gcc/arm-none-eabi/7.3.1/thumb/v7-m/crtn.o
 *(.fini)
 .fini          0x00000000080074d0        0x4 c:/st/stm32cubeide_1.5.1/stm32cubeide/plugins/com.st.stm32cube.ide.mcu.externaltools.gnu-tools-for-stm32.7-2018-q2-update.win32_1.5.0.202011040924/tools/bin/../lib/gcc/arm-none-eabi/7.3.1/thumb/v7-m/crti.o
                0x00000000080074d0                _fini
 .fini          0x00000000080074d4        0x8 c:/st/stm32cubeide_1.5.1/stm32cubeide/plugins/com.st.stm32cube.ide.mcu.externaltools.gnu-tools-for-stm32.7-2018-q2-update.win32_1.5.0.202011040924/tools/bin/../lib/gcc/arm-none-eabi/7.3.1/thumb/v7-m/crtn.o
                0x00000000080074dc                . = ALIGN (0x4)
                0x00000000080074dc                _etext = .

.vfp11_veneer   0x00000000080074dc        0x0
 .vfp11_veneer  0x00000000080074dc        0x0 linker stubs

.v4_bx          0x00000000080074dc        0x0
 .v4_bx         0x00000000080074dc        0x0 linker stubs

.iplt           0x00000000080074dc        0x0
 .iplt          0x00000000080074dc        0x0 c:/st/stm32cubeide_1.5.1/stm32cubeide/plugins/com.st.stm32cube.ide.mcu.externaltools.gnu-tools-for-stm32.7-2018-q2-update.win32_1.5.0.202011040924/tools/bin/../lib/gcc/arm-none-eabi/7.3.1/thumb/v7-m/crtbegin.o

.rodata         0x00000000080074dc       0x54
                0x00000000080074dc                . = ALIGN (0x4)
 *(.rodata)
 .rodata        0x00000000080074dc       0x12 Drivers/STM32F1xx_HAL_Driver/Src/stm32f1xx_hal_rcc.o
 *fill*         0x00000000080074ee        0x2 
 .rodata        0x00000000080074f0       0x2e USB_DEVICE/App/usbd_desc.o
 *(.rodata*)
 *fill*         0x000000000800751e        0x2 
 .rodata.AHBPrescTable
                0x0000000008007520       0x10 Core/Src/system_stm32f1xx.o
                0x0000000008007520                AHBPrescTable
                0x0000000008007530                . = ALIGN (0x4)

.rel.dyn        0x0000000008007530        0x0
 .rel.iplt      0x0000000008007530        0x0 c:/st/stm32cubeide_1.5.1/stm32cubeide/plugins/com.st.stm32cube.ide.mcu.externaltools.gnu-tools-for-stm32.7-2018-q2-update.win32_1.5.0.202011040924/tools/bin/../lib/gcc/arm-none-eabi/7.3.1/thumb/v7-m/crtbegin.o

.ARM.extab      0x0000000008007530        0x0
                0x0000000008007530                . = ALIGN (0x4)
 *(.ARM.extab* .gnu.linkonce.armextab.*)
                0x0000000008007530                . = ALIGN (0x4)

.ARM            0x0000000008007530        0x0
                0x0000000008007530                . = ALIGN (0x4)
                0x0000000008007530                __exidx_start = .
 *(.ARM.exidx*)
                0x0000000008007530                __exidx_end = .
                0x0000000008007530                . = ALIGN (0x4)

.preinit_array  0x0000000008007530        0x0
                0x0000000008007530                . = ALIGN (0x4)
                0x0000000008007530                PROVIDE (__preinit_array_start = .)
 *(.preinit_array*)
                0x0000000008007530                PROVIDE (__preinit_array_end = .)
                0x0000000008007530                . = ALIGN (0x4)

.init_array     0x0000000008007530        0x4
                0x0000000008007530                . = ALIGN (0x4)
                0x0000000008007530                PROVIDE (__init_array_start = .)
 *(SORT_BY_NAME(.init_array.*))
 *(.init_array*)
 .init_array    0x0000000008007530        0x4 c:/st/stm32cubeide_1.5.1/stm32cubeide/plugins/com.st.stm32cube.ide.mcu.externaltools.gnu-tools-for-stm32.7-2018-q2-update.win32_1.5.0.202011040924/tools/bin/../lib/gcc/arm-none-eabi/7.3.1/thumb/v7-m/crtbegin.o
                0x0000000008007534                PROVIDE (__init_array_end = .)
                0x0000000008007534                . = ALIGN (0x4)

.fini_array     0x0000000008007534        0x4
                0x0000000008007534                . = ALIGN (0x4)
                [!provide]                        PROVIDE (__fini_array_start = .)
 *(SORT_BY_NAME(.fini_array.*))
 *(.fini_array*)
 .fini_array    0x0000000008007534        0x4 c:/st/stm32cubeide_1.5.1/stm32cubeide/plugins/com.st.stm32cube.ide.mcu.externaltools.gnu-tools-for-stm32.7-2018-q2-update.win32_1.5.0.202011040924/tools/bin/../lib/gcc/arm-none-eabi/7.3.1/thumb/v7-m/crtbegin.o
                [!provide]                        PROVIDE (__fini_array_end = .)
                0x0000000008007538                . = ALIGN (0x4)
                0x0000000008007538                _sidata = LOADADDR (.data)

.data           0x0000000020000000      0x15c load address 0x0000000008007538
                0x0000000020000000                . = ALIGN (0x4)
                0x0000000020000000                _sdata = .
 *(.data)
 *(.data*)
 .data.keypad_char
                0x0000000020000000        0x1 Core/Src/main.o
                0x0000000020000000                keypad_char
 *fill*         0x0000000020000001        0x3 
 .data.SystemCoreClock
                0x0000000020000004        0x4 Core/Src/system_stm32f1xx.o
                0x0000000020000004                SystemCoreClock
 .data.uwTickPrio
                0x0000000020000008        0x4 Drivers/STM32F1xx_HAL_Driver/Src/stm32f1xx_hal.o
                0x0000000020000008                uwTickPrio
 .data.uwTickFreq
                0x000000002000000c        0x1 Drivers/STM32F1xx_HAL_Driver/Src/stm32f1xx_hal.o
                0x000000002000000c                uwTickFreq
 *fill*         0x000000002000000d        0x3 
 .data.USBD_HID
                0x0000000020000010       0x38 Middlewares/ST/STM32_USB_Device_Library/Class/HID/Src/usbd_hid.o
                0x0000000020000010                USBD_HID
 .data.USBD_HID_CfgFSDesc
                0x0000000020000048       0x22 Middlewares/ST/STM32_USB_Device_Library/Class/HID/Src/usbd_hid.o
 *fill*         0x000000002000006a        0x2 
 .data.USBD_HID_CfgHSDesc
                0x000000002000006c       0x22 Middlewares/ST/STM32_USB_Device_Library/Class/HID/Src/usbd_hid.o
 *fill*         0x000000002000008e        0x2 
 .data.USBD_HID_OtherSpeedCfgDesc
                0x0000000020000090       0x22 Middlewares/ST/STM32_USB_Device_Library/Class/HID/Src/usbd_hid.o
 *fill*         0x00000000200000b2        0x2 
 .data.USBD_HID_Desc
                0x00000000200000b4        0x9 Middlewares/ST/STM32_USB_Device_Library/Class/HID/Src/usbd_hid.o
 *fill*         0x00000000200000bd        0x3 
 .data.USBD_HID_DeviceQualifierDesc
                0x00000000200000c0        0xa Middlewares/ST/STM32_USB_Device_Library/Class/HID/Src/usbd_hid.o
 *fill*         0x00000000200000ca        0x2 
 .data.HID_MOUSE_ReportDesc
                0x00000000200000cc       0x3f Middlewares/ST/STM32_USB_Device_Library/Class/HID/Src/usbd_hid.o
 *fill*         0x000000002000010b        0x1 
 .data.FS_Desc  0x000000002000010c       0x1c USB_DEVICE/App/usbd_desc.o
                0x000000002000010c                FS_Desc
 .data.USBD_FS_DeviceDesc
                0x0000000020000128       0x12 USB_DEVICE/App/usbd_desc.o
                0x0000000020000128                USBD_FS_DeviceDesc
 *fill*         0x000000002000013a        0x2 
 .data.USBD_LangIDDesc
                0x000000002000013c        0x4 USB_DEVICE/App/usbd_desc.o
                0x000000002000013c                USBD_LangIDDesc
 .data.USBD_StringSerial
                0x0000000020000140       0x1a USB_DEVICE/App/usbd_desc.o
                0x0000000020000140                USBD_StringSerial
                0x000000002000015c                . = ALIGN (0x4)
 *fill*         0x000000002000015a        0x2 
                0x000000002000015c                _edata = .

.igot.plt       0x000000002000015c        0x0 load address 0x0000000008007694
 .igot.plt      0x000000002000015c        0x0 c:/st/stm32cubeide_1.5.1/stm32cubeide/plugins/com.st.stm32cube.ide.mcu.externaltools.gnu-tools-for-stm32.7-2018-q2-update.win32_1.5.0.202011040924/tools/bin/../lib/gcc/arm-none-eabi/7.3.1/thumb/v7-m/crtbegin.o
                0x000000002000015c                . = ALIGN (0x4)

.bss            0x000000002000015c      0x7f0 load address 0x0000000008007694
                0x000000002000015c                _sbss = .
                0x000000002000015c                __bss_start__ = _sbss
 *(.bss)
 .bss           0x000000002000015c       0x1c c:/st/stm32cubeide_1.5.1/stm32cubeide/plugins/com.st.stm32cube.ide.mcu.externaltools.gnu-tools-for-stm32.7-2018-q2-update.win32_1.5.0.202011040924/tools/bin/../lib/gcc/arm-none-eabi/7.3.1/thumb/v7-m/crtbegin.o
 *(.bss*)
 .bss.casai_keyboard
                0x0000000020000178        0x8 Core/Src/main.o
                0x0000000020000178                casai_keyboard
 .bss.cfgidx.7629
                0x0000000020000180        0x1 Middlewares/ST/STM32_USB_Device_Library/Core/Src/usbd_ctlreq.o
 *fill*         0x0000000020000181        0x3 
 .bss.mem.7669  0x0000000020000184       0x14 USB_DEVICE/Target/usbd_conf.o
 *(COMMON)
 COMMON         0x0000000020000198        0x4 Drivers/STM32F1xx_HAL_Driver/Src/stm32f1xx_hal.o
                0x0000000020000198                uwTick
 COMMON         0x000000002000019c      0x2c4 USB_DEVICE/App/usb_device.o
                0x000000002000019c                hUsbDeviceFS
 COMMON         0x0000000020000460      0x200 USB_DEVICE/App/usbd_desc.o
                0x0000000020000460                USBD_StrDesc
 COMMON         0x0000000020000660      0x2ec USB_DEVICE/Target/usbd_conf.o
                0x0000000020000660                hpcd_USB_FS
                0x000000002000094c                . = ALIGN (0x4)
                0x000000002000094c                _ebss = .
                0x000000002000094c                __bss_end__ = _ebss

._user_heap_stack
                0x000000002000094c      0x604 load address 0x0000000008007694
                0x0000000020000950                . = ALIGN (0x8)
 *fill*         0x000000002000094c        0x4 
                [!provide]                        PROVIDE (end = .)
                0x0000000020000950                PROVIDE (_end = .)
                0x0000000020000b50                . = (. + _Min_Heap_Size)
 *fill*         0x0000000020000950      0x200 
                0x0000000020000f50                . = (. + _Min_Stack_Size)
 *fill*         0x0000000020000b50      0x400 
                0x0000000020000f50                . = ALIGN (0x8)

/DISCARD/
 libc.a(*)
 libm.a(*)
 libgcc.a(*)

.ARM.attributes
                0x0000000000000000       0x29
 *(.ARM.attributes)
 .ARM.attributes
                0x0000000000000000       0x1d c:/st/stm32cubeide_1.5.1/stm32cubeide/plugins/com.st.stm32cube.ide.mcu.externaltools.gnu-tools-for-stm32.7-2018-q2-update.win32_1.5.0.202011040924/tools/bin/../lib/gcc/arm-none-eabi/7.3.1/thumb/v7-m/crti.o
 .ARM.attributes
                0x000000000000001d       0x2d c:/st/stm32cubeide_1.5.1/stm32cubeide/plugins/com.st.stm32cube.ide.mcu.externaltools.gnu-tools-for-stm32.7-2018-q2-update.win32_1.5.0.202011040924/tools/bin/../lib/gcc/arm-none-eabi/7.3.1/thumb/v7-m/crtbegin.o
 .ARM.attributes
                0x000000000000004a       0x33 Core/Src/main.o
 .ARM.attributes
                0x000000000000007d       0x33 Core/Src/stm32f1xx_hal_msp.o
 .ARM.attributes
                0x00000000000000b0       0x33 Core/Src/stm32f1xx_it.o
 .ARM.attributes
                0x00000000000000e3       0x33 Core/Src/system_stm32f1xx.o
 .ARM.attributes
                0x0000000000000116       0x21 Core/Startup/startup_stm32f103c8tx.o
 .ARM.attributes
                0x0000000000000137       0x33 Drivers/STM32F1xx_HAL_Driver/Src/stm32f1xx_hal.o
 .ARM.attributes
                0x000000000000016a       0x33 Drivers/STM32F1xx_HAL_Driver/Src/stm32f1xx_hal_cortex.o
 .ARM.attributes
                0x000000000000019d       0x33 Drivers/STM32F1xx_HAL_Driver/Src/stm32f1xx_hal_gpio.o
 .ARM.attributes
                0x00000000000001d0       0x33 Drivers/STM32F1xx_HAL_Driver/Src/stm32f1xx_hal_pcd.o
 .ARM.attributes
                0x0000000000000203       0x33 Drivers/STM32F1xx_HAL_Driver/Src/stm32f1xx_hal_pcd_ex.o
 .ARM.attributes
                0x0000000000000236       0x33 Drivers/STM32F1xx_HAL_Driver/Src/stm32f1xx_hal_rcc.o
 .ARM.attributes
                0x0000000000000269       0x33 Drivers/STM32F1xx_HAL_Driver/Src/stm32f1xx_hal_rcc_ex.o
 .ARM.attributes
                0x000000000000029c       0x33 Drivers/STM32F1xx_HAL_Driver/Src/stm32f1xx_ll_usb.o
 .ARM.attributes
                0x00000000000002cf       0x33 Middlewares/ST/STM32_USB_Device_Library/Class/HID/Src/usbd_hid.o
 .ARM.attributes
                0x0000000000000302       0x33 Middlewares/ST/STM32_USB_Device_Library/Core/Src/usbd_core.o
 .ARM.attributes
                0x0000000000000335       0x33 Middlewares/ST/STM32_USB_Device_Library/Core/Src/usbd_ctlreq.o
 .ARM.attributes
                0x0000000000000368       0x33 Middlewares/ST/STM32_USB_Device_Library/Core/Src/usbd_ioreq.o
 .ARM.attributes
                0x000000000000039b       0x33 USB_DEVICE/App/usb_device.o
 .ARM.attributes
                0x00000000000003ce       0x33 USB_DEVICE/App/usbd_desc.o
 .ARM.attributes
                0x0000000000000401       0x33 USB_DEVICE/Target/usbd_conf.o
 .ARM.attributes
                0x0000000000000434       0x2d c:/st/stm32cubeide_1.5.1/stm32cubeide/plugins/com.st.stm32cube.ide.mcu.externaltools.gnu-tools-for-stm32.7-2018-q2-update.win32_1.5.0.202011040924/tools/bin/../lib/gcc/arm-none-eabi/7.3.1/../../../../arm-none-eabi/lib/thumb/v7-m\libc_nano.a(lib_a-init.o)
 .ARM.attributes
                0x0000000000000461       0x2d c:/st/stm32cubeide_1.5.1/stm32cubeide/plugins/com.st.stm32cube.ide.mcu.externaltools.gnu-tools-for-stm32.7-2018-q2-update.win32_1.5.0.202011040924/tools/bin/../lib/gcc/arm-none-eabi/7.3.1/../../../../arm-none-eabi/lib/thumb/v7-m\libc_nano.a(lib_a-memset.o)
 .ARM.attributes
                0x000000000000048e       0x1d c:/st/stm32cubeide_1.5.1/stm32cubeide/plugins/com.st.stm32cube.ide.mcu.externaltools.gnu-tools-for-stm32.7-2018-q2-update.win32_1.5.0.202011040924/tools/bin/../lib/gcc/arm-none-eabi/7.3.1/thumb/v7-m/crtn.o
OUTPUT(USB_KEYBOARD.elf elf32-littlearm)

.debug_info     0x0000000000000000     0xf4be
 .debug_info    0x0000000000000000     0x12f8 Core/Src/main.o
 .debug_info    0x00000000000012f8      0x2d6 Core/Src/stm32f1xx_hal_msp.o
 .debug_info    0x00000000000015ce      0x6a8 Core/Src/stm32f1xx_it.o
 .debug_info    0x0000000000001c76      0x29a Core/Src/system_stm32f1xx.o
 .debug_info    0x0000000000001f10       0x22 Core/Startup/startup_stm32f103c8tx.o
 .debug_info    0x0000000000001f32      0x714 Drivers/STM32F1xx_HAL_Driver/Src/stm32f1xx_hal.o
 .debug_info    0x0000000000002646      0xb51 Drivers/STM32F1xx_HAL_Driver/Src/stm32f1xx_hal_cortex.o
 .debug_info    0x0000000000003197      0x69b Drivers/STM32F1xx_HAL_Driver/Src/stm32f1xx_hal_gpio.o
 .debug_info    0x0000000000003832     0x13f3 Drivers/STM32F1xx_HAL_Driver/Src/stm32f1xx_hal_pcd.o
 .debug_info    0x0000000000004c25      0x787 Drivers/STM32F1xx_HAL_Driver/Src/stm32f1xx_hal_pcd_ex.o
 .debug_info    0x00000000000053ac      0x80f Drivers/STM32F1xx_HAL_Driver/Src/stm32f1xx_hal_rcc.o
 .debug_info    0x0000000000005bbb      0x444 Drivers/STM32F1xx_HAL_Driver/Src/stm32f1xx_hal_rcc_ex.o
 .debug_info    0x0000000000005fff     0x18b3 Drivers/STM32F1xx_HAL_Driver/Src/stm32f1xx_ll_usb.o
 .debug_info    0x00000000000078b2     0x113a Middlewares/ST/STM32_USB_Device_Library/Class/HID/Src/usbd_hid.o
 .debug_info    0x00000000000089ec     0x11d2 Middlewares/ST/STM32_USB_Device_Library/Core/Src/usbd_core.o
 .debug_info    0x0000000000009bbe     0x1142 Middlewares/ST/STM32_USB_Device_Library/Core/Src/usbd_ctlreq.o
 .debug_info    0x000000000000ad00      0xf33 Middlewares/ST/STM32_USB_Device_Library/Core/Src/usbd_ioreq.o
 .debug_info    0x000000000000bc33      0xdc8 USB_DEVICE/App/usb_device.o
 .debug_info    0x000000000000c9fb      0xd17 USB_DEVICE/App/usbd_desc.o
 .debug_info    0x000000000000d712     0x1dac USB_DEVICE/Target/usbd_conf.o

.debug_abbrev   0x0000000000000000     0x268a
 .debug_abbrev  0x0000000000000000      0x283 Core/Src/main.o
 .debug_abbrev  0x0000000000000283      0x109 Core/Src/stm32f1xx_hal_msp.o
 .debug_abbrev  0x000000000000038c      0x155 Core/Src/stm32f1xx_it.o
 .debug_abbrev  0x00000000000004e1      0x134 Core/Src/system_stm32f1xx.o
 .debug_abbrev  0x0000000000000615       0x12 Core/Startup/startup_stm32f103c8tx.o
 .debug_abbrev  0x0000000000000627      0x1c7 Drivers/STM32F1xx_HAL_Driver/Src/stm32f1xx_hal.o
 .debug_abbrev  0x00000000000007ee      0x2d5 Drivers/STM32F1xx_HAL_Driver/Src/stm32f1xx_hal_cortex.o
 .debug_abbrev  0x0000000000000ac3      0x1c0 Drivers/STM32F1xx_HAL_Driver/Src/stm32f1xx_hal_gpio.o
 .debug_abbrev  0x0000000000000c83      0x268 Drivers/STM32F1xx_HAL_Driver/Src/stm32f1xx_hal_pcd.o
 .debug_abbrev  0x0000000000000eeb      0x188 Drivers/STM32F1xx_HAL_Driver/Src/stm32f1xx_hal_pcd_ex.o
 .debug_abbrev  0x0000000000001073      0x243 Drivers/STM32F1xx_HAL_Driver/Src/stm32f1xx_hal_rcc.o
 .debug_abbrev  0x00000000000012b6      0x175 Drivers/STM32F1xx_HAL_Driver/Src/stm32f1xx_hal_rcc_ex.o
 .debug_abbrev  0x000000000000142b      0x1d2 Drivers/STM32F1xx_HAL_Driver/Src/stm32f1xx_ll_usb.o
 .debug_abbrev  0x00000000000015fd      0x27d Middlewares/ST/STM32_USB_Device_Library/Class/HID/Src/usbd_hid.o
 .debug_abbrev  0x000000000000187a      0x270 Middlewares/ST/STM32_USB_Device_Library/Core/Src/usbd_core.o
 .debug_abbrev  0x0000000000001aea      0x2a0 Middlewares/ST/STM32_USB_Device_Library/Core/Src/usbd_ctlreq.o
 .debug_abbrev  0x0000000000001d8a      0x1e0 Middlewares/ST/STM32_USB_Device_Library/Core/Src/usbd_ioreq.o
 .debug_abbrev  0x0000000000001f6a      0x1b5 USB_DEVICE/App/usb_device.o
 .debug_abbrev  0x000000000000211f      0x290 USB_DEVICE/App/usbd_desc.o
 .debug_abbrev  0x00000000000023af      0x2db USB_DEVICE/Target/usbd_conf.o

.debug_aranges  0x0000000000000000      0xa20
 .debug_aranges
                0x0000000000000000       0x60 Core/Src/main.o
 .debug_aranges
                0x0000000000000060       0x20 Core/Src/stm32f1xx_hal_msp.o
 .debug_aranges
                0x0000000000000080       0x68 Core/Src/stm32f1xx_it.o
 .debug_aranges
                0x00000000000000e8       0x28 Core/Src/system_stm32f1xx.o
 .debug_aranges
                0x0000000000000110       0x28 Core/Startup/startup_stm32f103c8tx.o
 .debug_aranges
                0x0000000000000138       0xe0 Drivers/STM32F1xx_HAL_Driver/Src/stm32f1xx_hal.o
 .debug_aranges
                0x0000000000000218      0x100 Drivers/STM32F1xx_HAL_Driver/Src/stm32f1xx_hal_cortex.o
 .debug_aranges
                0x0000000000000318       0x58 Drivers/STM32F1xx_HAL_Driver/Src/stm32f1xx_hal_gpio.o
 .debug_aranges
                0x0000000000000370      0x138 Drivers/STM32F1xx_HAL_Driver/Src/stm32f1xx_hal_pcd.o
 .debug_aranges
                0x00000000000004a8       0x38 Drivers/STM32F1xx_HAL_Driver/Src/stm32f1xx_hal_pcd_ex.o
 .debug_aranges
                0x00000000000004e0       0x90 Drivers/STM32F1xx_HAL_Driver/Src/stm32f1xx_hal_rcc.o
 .debug_aranges
                0x0000000000000570       0x30 Drivers/STM32F1xx_HAL_Driver/Src/stm32f1xx_hal_rcc_ex.o
 .debug_aranges
                0x00000000000005a0       0xf0 Drivers/STM32F1xx_HAL_Driver/Src/stm32f1xx_ll_usb.o
 .debug_aranges
                0x0000000000000690       0x68 Middlewares/ST/STM32_USB_Device_Library/Class/HID/Src/usbd_hid.o
 .debug_aranges
                0x00000000000006f8       0xb8 Middlewares/ST/STM32_USB_Device_Library/Core/Src/usbd_core.o
 .debug_aranges
                0x00000000000007b0       0x88 Middlewares/ST/STM32_USB_Device_Library/Core/Src/usbd_ctlreq.o
 .debug_aranges
                0x0000000000000838       0x50 Middlewares/ST/STM32_USB_Device_Library/Core/Src/usbd_ioreq.o
 .debug_aranges
                0x0000000000000888       0x20 USB_DEVICE/App/usb_device.o
 .debug_aranges
                0x00000000000008a8       0x60 USB_DEVICE/App/usbd_desc.o
 .debug_aranges
                0x0000000000000908      0x118 USB_DEVICE/Target/usbd_conf.o

.debug_ranges   0x0000000000000000      0x8e8
 .debug_ranges  0x0000000000000000       0x50 Core/Src/main.o
 .debug_ranges  0x0000000000000050       0x10 Core/Src/stm32f1xx_hal_msp.o
 .debug_ranges  0x0000000000000060       0x58 Core/Src/stm32f1xx_it.o
 .debug_ranges  0x00000000000000b8       0x18 Core/Src/system_stm32f1xx.o
 .debug_ranges  0x00000000000000d0       0x20 Core/Startup/startup_stm32f103c8tx.o
 .debug_ranges  0x00000000000000f0       0xd0 Drivers/STM32F1xx_HAL_Driver/Src/stm32f1xx_hal.o
 .debug_ranges  0x00000000000001c0       0xf0 Drivers/STM32F1xx_HAL_Driver/Src/stm32f1xx_hal_cortex.o
 .debug_ranges  0x00000000000002b0       0x48 Drivers/STM32F1xx_HAL_Driver/Src/stm32f1xx_hal_gpio.o
 .debug_ranges  0x00000000000002f8      0x128 Drivers/STM32F1xx_HAL_Driver/Src/stm32f1xx_hal_pcd.o
 .debug_ranges  0x0000000000000420       0x28 Drivers/STM32F1xx_HAL_Driver/Src/stm32f1xx_hal_pcd_ex.o
 .debug_ranges  0x0000000000000448       0x80 Drivers/STM32F1xx_HAL_Driver/Src/stm32f1xx_hal_rcc.o
 .debug_ranges  0x00000000000004c8       0x20 Drivers/STM32F1xx_HAL_Driver/Src/stm32f1xx_hal_rcc_ex.o
 .debug_ranges  0x00000000000004e8       0xe0 Drivers/STM32F1xx_HAL_Driver/Src/stm32f1xx_ll_usb.o
 .debug_ranges  0x00000000000005c8       0x58 Middlewares/ST/STM32_USB_Device_Library/Class/HID/Src/usbd_hid.o
 .debug_ranges  0x0000000000000620       0xa8 Middlewares/ST/STM32_USB_Device_Library/Core/Src/usbd_core.o
 .debug_ranges  0x00000000000006c8       0x78 Middlewares/ST/STM32_USB_Device_Library/Core/Src/usbd_ctlreq.o
 .debug_ranges  0x0000000000000740       0x40 Middlewares/ST/STM32_USB_Device_Library/Core/Src/usbd_ioreq.o
 .debug_ranges  0x0000000000000780       0x10 USB_DEVICE/App/usb_device.o
 .debug_ranges  0x0000000000000790       0x50 USB_DEVICE/App/usbd_desc.o
 .debug_ranges  0x00000000000007e0      0x108 USB_DEVICE/Target/usbd_conf.o

.debug_macro    0x0000000000000000    0x193cb
 .debug_macro   0x0000000000000000      0x4ff Core/Src/main.o
 .debug_macro   0x00000000000004ff      0xa5a Core/Src/main.o
 .debug_macro   0x0000000000000f59      0x215 Core/Src/main.o
 .debug_macro   0x000000000000116e       0x2e Core/Src/main.o
 .debug_macro   0x000000000000119c       0x22 Core/Src/main.o
 .debug_macro   0x00000000000011be       0x22 Core/Src/main.o
 .debug_macro   0x00000000000011e0       0x8e Core/Src/main.o
 .debug_macro   0x000000000000126e       0x51 Core/Src/main.o
 .debug_macro   0x00000000000012bf       0xef Core/Src/main.o
 .debug_macro   0x00000000000013ae       0x6a Core/Src/main.o
 .debug_macro   0x0000000000001418      0x1df Core/Src/main.o
 .debug_macro   0x00000000000015f7       0x1c Core/Src/main.o
 .debug_macro   0x0000000000001613       0x22 Core/Src/main.o
 .debug_macro   0x0000000000001635       0xc3 Core/Src/main.o
 .debug_macro   0x00000000000016f8      0xd23 Core/Src/main.o
 .debug_macro   0x000000000000241b     0xe09e Core/Src/main.o
 .debug_macro   0x00000000000104b9       0x6d Core/Src/main.o
 .debug_macro   0x0000000000010526     0x3468 Core/Src/main.o
 .debug_macro   0x000000000001398e      0x174 Core/Src/main.o
 .debug_macro   0x0000000000013b02       0x5c Core/Src/main.o
 .debug_macro   0x0000000000013b5e      0x5be Core/Src/main.o
 .debug_macro   0x000000000001411c      0x289 Core/Src/main.o
 .debug_macro   0x00000000000143a5      0x1cb Core/Src/main.o
 .debug_macro   0x0000000000014570      0x114 Core/Src/main.o
 .debug_macro   0x0000000000014684      0x1b2 Core/Src/main.o
 .debug_macro   0x0000000000014836       0x27 Core/Src/main.o
 .debug_macro   0x000000000001485d      0x136 Core/Src/main.o
 .debug_macro   0x0000000000014993      0x1bc Core/Src/main.o
 .debug_macro   0x0000000000014b4f       0x34 Core/Src/main.o
 .debug_macro   0x0000000000014b83       0x3c Core/Src/main.o
 .debug_macro   0x0000000000014bbf       0x57 Core/Src/main.o
 .debug_macro   0x0000000000014c16       0x88 Core/Src/main.o
 .debug_macro   0x0000000000014c9e      0x241 Core/Src/main.o
 .debug_macro   0x0000000000014edf      0x141 Core/Src/main.o
 .debug_macro   0x0000000000015020       0x65 Core/Src/main.o
 .debug_macro   0x0000000000015085      0x249 Core/Src/main.o
 .debug_macro   0x00000000000152ce       0x83 Core/Src/main.o
 .debug_macro   0x0000000000015351       0x70 Core/Src/main.o
 .debug_macro   0x00000000000153c1       0x46 Core/Src/main.o
 .debug_macro   0x0000000000015407       0x18 Core/Src/main.o
 .debug_macro   0x000000000001541f       0x3c Core/Src/main.o
 .debug_macro   0x000000000001545b       0x34 Core/Src/main.o
 .debug_macro   0x000000000001548f       0x16 Core/Src/main.o
 .debug_macro   0x00000000000154a5       0x35 Core/Src/main.o
 .debug_macro   0x00000000000154da      0x32a Core/Src/main.o
 .debug_macro   0x0000000000015804       0x10 Core/Src/main.o
 .debug_macro   0x0000000000015814       0x52 Core/Src/main.o
 .debug_macro   0x0000000000015866       0x1f Core/Src/main.o
 .debug_macro   0x0000000000015885       0x43 Core/Src/main.o
 .debug_macro   0x00000000000158c8       0x20 Core/Src/main.o
 .debug_macro   0x00000000000158e8      0x1a3 Core/Src/main.o
 .debug_macro   0x0000000000015a8b       0x10 Core/Src/main.o
 .debug_macro   0x0000000000015a9b       0x1c Core/Src/main.o
 .debug_macro   0x0000000000015ab7       0x52 Core/Src/main.o
 .debug_macro   0x0000000000015b09       0x40 Core/Src/main.o
 .debug_macro   0x0000000000015b49       0x10 Core/Src/main.o
 .debug_macro   0x0000000000015b59       0x40 Core/Src/main.o
 .debug_macro   0x0000000000015b99       0xd7 Core/Src/main.o
 .debug_macro   0x0000000000015c70       0x1c Core/Src/main.o
 .debug_macro   0x0000000000015c8c       0x3d Core/Src/main.o
 .debug_macro   0x0000000000015cc9       0x16 Core/Src/main.o
 .debug_macro   0x0000000000015cdf      0x145 Core/Src/main.o
 .debug_macro   0x0000000000015e24       0x16 Core/Src/main.o
 .debug_macro   0x0000000000015e3a       0x16 Core/Src/main.o
 .debug_macro   0x0000000000015e50       0x29 Core/Src/main.o
 .debug_macro   0x0000000000015e79       0x16 Core/Src/main.o
 .debug_macro   0x0000000000015e8f       0x20 Core/Src/main.o
 .debug_macro   0x0000000000015eaf       0x60 Core/Src/main.o
 .debug_macro   0x0000000000015f0f      0x1c8 Core/Src/main.o
 .debug_macro   0x00000000000160d7       0x5e Core/Src/main.o
 .debug_macro   0x0000000000016135      0x1b7 Core/Src/stm32f1xx_hal_msp.o
 .debug_macro   0x00000000000162ec      0x1c1 Core/Src/stm32f1xx_it.o
 .debug_macro   0x00000000000164ad      0x1a8 Core/Src/system_stm32f1xx.o
 .debug_macro   0x0000000000016655      0x1cc Drivers/STM32F1xx_HAL_Driver/Src/stm32f1xx_hal.o
 .debug_macro   0x0000000000016821      0x1a8 Drivers/STM32F1xx_HAL_Driver/Src/stm32f1xx_hal_cortex.o
 .debug_macro   0x00000000000169c9      0x213 Drivers/STM32F1xx_HAL_Driver/Src/stm32f1xx_hal_gpio.o
 .debug_macro   0x0000000000016bdc      0x1b4 Drivers/STM32F1xx_HAL_Driver/Src/stm32f1xx_hal_pcd.o
 .debug_macro   0x0000000000016d90      0x1a8 Drivers/STM32F1xx_HAL_Driver/Src/stm32f1xx_hal_pcd_ex.o
 .debug_macro   0x0000000000016f38      0x1ba Drivers/STM32F1xx_HAL_Driver/Src/stm32f1xx_hal_rcc.o
 .debug_macro   0x00000000000170f2      0x1a8 Drivers/STM32F1xx_HAL_Driver/Src/stm32f1xx_hal_rcc_ex.o
 .debug_macro   0x000000000001729a      0x1a8 Drivers/STM32F1xx_HAL_Driver/Src/stm32f1xx_ll_usb.o
 .debug_macro   0x0000000000017442      0x3c4 Middlewares/ST/STM32_USB_Device_Library/Class/HID/Src/usbd_hid.o
 .debug_macro   0x0000000000017806       0x97 Middlewares/ST/STM32_USB_Device_Library/Class/HID/Src/usbd_hid.o
 .debug_macro   0x000000000001789d       0xfd Middlewares/ST/STM32_USB_Device_Library/Class/HID/Src/usbd_hid.o
 .debug_macro   0x000000000001799a       0xbd Middlewares/ST/STM32_USB_Device_Library/Class/HID/Src/usbd_hid.o
 .debug_macro   0x0000000000017a57       0x56 Middlewares/ST/STM32_USB_Device_Library/Class/HID/Src/usbd_hid.o
 .debug_macro   0x0000000000017aad      0x3ab Middlewares/ST/STM32_USB_Device_Library/Core/Src/usbd_core.o
 .debug_macro   0x0000000000017e58      0x1ce Middlewares/ST/STM32_USB_Device_Library/Core/Src/usbd_core.o
 .debug_macro   0x0000000000018026      0x3b5 Middlewares/ST/STM32_USB_Device_Library/Core/Src/usbd_ctlreq.o
 .debug_macro   0x00000000000183db      0x3b1 Middlewares/ST/STM32_USB_Device_Library/Core/Src/usbd_ioreq.o
 .debug_macro   0x000000000001878c      0x3db USB_DEVICE/App/usb_device.o
 .debug_macro   0x0000000000018b67       0x76 USB_DEVICE/App/usb_device.o
 .debug_macro   0x0000000000018bdd       0x22 USB_DEVICE/App/usb_device.o
 .debug_macro   0x0000000000018bff      0x3e8 USB_DEVICE/App/usbd_desc.o
 .debug_macro   0x0000000000018fe7       0x1c USB_DEVICE/App/usbd_desc.o
 .debug_macro   0x0000000000019003      0x3c8 USB_DEVICE/Target/usbd_conf.o

.debug_line     0x0000000000000000     0xb6ab
 .debug_line    0x0000000000000000      0xb5e Core/Src/main.o
 .debug_line    0x0000000000000b5e      0x676 Core/Src/stm32f1xx_hal_msp.o
 .debug_line    0x00000000000011d4      0x72b Core/Src/stm32f1xx_it.o
 .debug_line    0x00000000000018ff      0x69d Core/Src/system_stm32f1xx.o
 .debug_line    0x0000000000001f9c       0x87 Core/Startup/startup_stm32f103c8tx.o
 .debug_line    0x0000000000002023      0x850 Drivers/STM32F1xx_HAL_Driver/Src/stm32f1xx_hal.o
 .debug_line    0x0000000000002873      0x927 Drivers/STM32F1xx_HAL_Driver/Src/stm32f1xx_hal_cortex.o
 .debug_line    0x000000000000319a      0x84c Drivers/STM32F1xx_HAL_Driver/Src/stm32f1xx_hal_gpio.o
 .debug_line    0x00000000000039e6      0xd15 Drivers/STM32F1xx_HAL_Driver/Src/stm32f1xx_hal_pcd.o
 .debug_line    0x00000000000046fb      0x6c1 Drivers/STM32F1xx_HAL_Driver/Src/stm32f1xx_hal_pcd_ex.o
 .debug_line    0x0000000000004dbc      0x910 Drivers/STM32F1xx_HAL_Driver/Src/stm32f1xx_hal_rcc.o
 .debug_line    0x00000000000056cc      0x72e Drivers/STM32F1xx_HAL_Driver/Src/stm32f1xx_hal_rcc_ex.o
 .debug_line    0x0000000000005dfa      0xd66 Drivers/STM32F1xx_HAL_Driver/Src/stm32f1xx_ll_usb.o
 .debug_line    0x0000000000006b60      0xa95 Middlewares/ST/STM32_USB_Device_Library/Class/HID/Src/usbd_hid.o
 .debug_line    0x00000000000075f5      0xb67 Middlewares/ST/STM32_USB_Device_Library/Core/Src/usbd_core.o
 .debug_line    0x000000000000815c      0xbf0 Middlewares/ST/STM32_USB_Device_Library/Core/Src/usbd_ctlreq.o
 .debug_line    0x0000000000008d4c      0x9d0 Middlewares/ST/STM32_USB_Device_Library/Core/Src/usbd_ioreq.o
 .debug_line    0x000000000000971c      0x99f USB_DEVICE/App/usb_device.o
 .debug_line    0x000000000000a0bb      0xa04 USB_DEVICE/App/usbd_desc.o
 .debug_line    0x000000000000aabf      0xbec USB_DEVICE/Target/usbd_conf.o

.debug_str      0x0000000000000000    0x84f60
 .debug_str     0x0000000000000000    0x829d1 Core/Src/main.o
                                      0x82e41 (size before relaxing)
 .debug_str     0x00000000000829d1       0x5a Core/Src/stm32f1xx_hal_msp.o
                                      0x7d6b4 (size before relaxing)
 .debug_str     0x0000000000082a2b      0x3d9 Core/Src/stm32f1xx_it.o
                                      0x7da57 (size before relaxing)
 .debug_str     0x0000000000082e04       0x52 Core/Src/system_stm32f1xx.o
                                      0x7d4a9 (size before relaxing)
 .debug_str     0x0000000000082e56       0x36 Core/Startup/startup_stm32f103c8tx.o
                                         0x73 (size before relaxing)
 .debug_str     0x0000000000082e8c      0x55e Drivers/STM32F1xx_HAL_Driver/Src/stm32f1xx_hal.o
                                      0x7db3a (size before relaxing)
 .debug_str     0x00000000000833ea      0x2d8 Drivers/STM32F1xx_HAL_Driver/Src/stm32f1xx_hal_cortex.o
                                      0x7db42 (size before relaxing)
 .debug_str     0x00000000000836c2      0x324 Drivers/STM32F1xx_HAL_Driver/Src/stm32f1xx_hal_gpio.o
                                      0x7d86d (size before relaxing)
 .debug_str     0x00000000000839e6      0x3e5 Drivers/STM32F1xx_HAL_Driver/Src/stm32f1xx_hal_pcd.o
                                      0x7dbfc (size before relaxing)
 .debug_str     0x0000000000083dcb      0x18d Drivers/STM32F1xx_HAL_Driver/Src/stm32f1xx_hal_pcd_ex.o
                                      0x7d949 (size before relaxing)
 .debug_str     0x0000000000083f58      0x24f Drivers/STM32F1xx_HAL_Driver/Src/stm32f1xx_hal_rcc.o
                                      0x7d8a6 (size before relaxing)
 .debug_str     0x00000000000841a7       0xb9 Drivers/STM32F1xx_HAL_Driver/Src/stm32f1xx_hal_rcc_ex.o
                                      0x7d633 (size before relaxing)
 .debug_str     0x0000000000084260      0x2ad Drivers/STM32F1xx_HAL_Driver/Src/stm32f1xx_ll_usb.o
                                      0x7d97c (size before relaxing)
 .debug_str     0x000000000008450d      0x270 Middlewares/ST/STM32_USB_Device_Library/Class/HID/Src/usbd_hid.o
                                      0x8299a (size before relaxing)
 .debug_str     0x000000000008477d      0x1a2 Middlewares/ST/STM32_USB_Device_Library/Core/Src/usbd_core.o
                                      0x827a3 (size before relaxing)
 .debug_str     0x000000000008491f      0x12f Middlewares/ST/STM32_USB_Device_Library/Core/Src/usbd_ctlreq.o
                                      0x82729 (size before relaxing)
 .debug_str     0x0000000000084a4e       0xc9 Middlewares/ST/STM32_USB_Device_Library/Core/Src/usbd_ioreq.o
                                      0x826b1 (size before relaxing)
 .debug_str     0x0000000000084b17       0xb5 USB_DEVICE/App/usb_device.o
                                      0x8281d (size before relaxing)
 .debug_str     0x0000000000084bcc      0x240 USB_DEVICE/App/usbd_desc.o
                                      0x82604 (size before relaxing)
 .debug_str     0x0000000000084e0c      0x154 USB_DEVICE/Target/usbd_conf.o
                                      0x8316b (size before relaxing)

.comment        0x0000000000000000       0x7b
 .comment       0x0000000000000000       0x7b Core/Src/main.o
                                         0x7c (size before relaxing)
 .comment       0x000000000000007b       0x7c Core/Src/stm32f1xx_hal_msp.o
 .comment       0x000000000000007b       0x7c Core/Src/stm32f1xx_it.o
 .comment       0x000000000000007b       0x7c Core/Src/system_stm32f1xx.o
 .comment       0x000000000000007b       0x7c Drivers/STM32F1xx_HAL_Driver/Src/stm32f1xx_hal.o
 .comment       0x000000000000007b       0x7c Drivers/STM32F1xx_HAL_Driver/Src/stm32f1xx_hal_cortex.o
 .comment       0x000000000000007b       0x7c Drivers/STM32F1xx_HAL_Driver/Src/stm32f1xx_hal_gpio.o
 .comment       0x000000000000007b       0x7c Drivers/STM32F1xx_HAL_Driver/Src/stm32f1xx_hal_pcd.o
 .comment       0x000000000000007b       0x7c Drivers/STM32F1xx_HAL_Driver/Src/stm32f1xx_hal_pcd_ex.o
 .comment       0x000000000000007b       0x7c Drivers/STM32F1xx_HAL_Driver/Src/stm32f1xx_hal_rcc.o
 .comment       0x000000000000007b       0x7c Drivers/STM32F1xx_HAL_Driver/Src/stm32f1xx_hal_rcc_ex.o
 .comment       0x000000000000007b       0x7c Drivers/STM32F1xx_HAL_Driver/Src/stm32f1xx_ll_usb.o
 .comment       0x000000000000007b       0x7c Middlewares/ST/STM32_USB_Device_Library/Class/HID/Src/usbd_hid.o
 .comment       0x000000000000007b       0x7c Middlewares/ST/STM32_USB_Device_Library/Core/Src/usbd_core.o
 .comment       0x000000000000007b       0x7c Middlewares/ST/STM32_USB_Device_Library/Core/Src/usbd_ctlreq.o
 .comment       0x000000000000007b       0x7c Middlewares/ST/STM32_USB_Device_Library/Core/Src/usbd_ioreq.o
 .comment       0x000000000000007b       0x7c USB_DEVICE/App/usb_device.o
 .comment       0x000000000000007b       0x7c USB_DEVICE/App/usbd_desc.o
 .comment       0x000000000000007b       0x7c USB_DEVICE/Target/usbd_conf.o

.debug_frame    0x0000000000000000     0x26d4
 .debug_frame   0x0000000000000000      0x12c Core/Src/main.o
 .debug_frame   0x000000000000012c       0x38 Core/Src/stm32f1xx_hal_msp.o
 .debug_frame   0x0000000000000164      0x128 Core/Src/stm32f1xx_it.o
 .debug_frame   0x000000000000028c       0x58 Core/Src/system_stm32f1xx.o
 .debug_frame   0x00000000000002e4      0x334 Drivers/STM32F1xx_HAL_Driver/Src/stm32f1xx_hal.o
 .debug_frame   0x0000000000000618      0x428 Drivers/STM32F1xx_HAL_Driver/Src/stm32f1xx_hal_cortex.o
 .debug_frame   0x0000000000000a40      0x14c Drivers/STM32F1xx_HAL_Driver/Src/stm32f1xx_hal_gpio.o
 .debug_frame   0x0000000000000b8c      0x578 Drivers/STM32F1xx_HAL_Driver/Src/stm32f1xx_hal_pcd.o
 .debug_frame   0x0000000000001104       0xb0 Drivers/STM32F1xx_HAL_Driver/Src/stm32f1xx_hal_pcd_ex.o
 .debug_frame   0x00000000000011b4      0x21c Drivers/STM32F1xx_HAL_Driver/Src/stm32f1xx_hal_rcc.o
 .debug_frame   0x00000000000013d0       0x84 Drivers/STM32F1xx_HAL_Driver/Src/stm32f1xx_hal_rcc_ex.o
 .debug_frame   0x0000000000001454      0x450 Drivers/STM32F1xx_HAL_Driver/Src/stm32f1xx_ll_usb.o
 .debug_frame   0x00000000000018a4      0x190 Middlewares/ST/STM32_USB_Device_Library/Class/HID/Src/usbd_hid.o
 .debug_frame   0x0000000000001a34      0x300 Middlewares/ST/STM32_USB_Device_Library/Core/Src/usbd_core.o
 .debug_frame   0x0000000000001d34      0x218 Middlewares/ST/STM32_USB_Device_Library/Core/Src/usbd_ctlreq.o
 .debug_frame   0x0000000000001f4c      0x10c Middlewares/ST/STM32_USB_Device_Library/Core/Src/usbd_ioreq.o
 .debug_frame   0x0000000000002058       0x2c USB_DEVICE/App/usb_device.o
 .debug_frame   0x0000000000002084      0x160 USB_DEVICE/App/usbd_desc.o
 .debug_frame   0x00000000000021e4      0x4a4 USB_DEVICE/Target/usbd_conf.o
 .debug_frame   0x0000000000002688       0x2c c:/st/stm32cubeide_1.5.1/stm32cubeide/plugins/com.st.stm32cube.ide.mcu.externaltools.gnu-tools-for-stm32.7-2018-q2-update.win32_1.5.0.202011040924/tools/bin/../lib/gcc/arm-none-eabi/7.3.1/../../../../arm-none-eabi/lib/thumb/v7-m\libc_nano.a(lib_a-init.o)
 .debug_frame   0x00000000000026b4       0x20 c:/st/stm32cubeide_1.5.1/stm32cubeide/plugins/com.st.stm32cube.ide.mcu.externaltools.gnu-tools-for-stm32.7-2018-q2-update.win32_1.5.0.202011040924/tools/bin/../lib/gcc/arm-none-eabi/7.3.1/../../../../arm-none-eabi/lib/thumb/v7-m\libc_nano.a(lib_a-memset.o)
